> Task :app:preBuild UP-TO-DATE
> Task :app:preDebugBuild UP-TO-DATE
> Task :app:mergeDebugNativeDebugMetadata NO-SOURCE
> Task :app:dataBindingMergeDependencyArtifactsDebug UP-TO-DATE
> Task :app:generateDebugResValues UP-TO-DATE
> Task :app:generateDebugResources UP-TO-DATE
> Task :app:processDebugGoogleServices UP-TO-DATE
> Task :app:mergeDebugResources UP-TO-DATE
> Task :app:packageDebugResources UP-TO-DATE
> Task :app:parseDebugLocalResources UP-TO-DATE
> Task :app:dataBindingGenBaseClassesDebug UP-TO-DATE
> Task :app:javaPreCompileDebug UP-TO-DATE
> Task :app:checkDebugAarMetadata UP-TO-DATE
> Task :app:mapDebugSourceSetPaths UP-TO-DATE
> Task :app:createDebugCompatibleScreenManifests UP-TO-DATE
> Task :app:extractDeepLinksDebug UP-TO-DATE
> Task :app:processDebugMainManifest UP-TO-DATE
> Task :app:processDebugManifest UP-TO-DATE
> Task :app:processDebugManifestForPackage UP-TO-DATE
> Task :app:processDebugResources UP-TO-DATE

> Task :app:compileDebugJavaWithJavac FAILED
.\gradlew.bat : E:\13_projects\2
1_book_app\1_noussousse_app\app\
src\main\java\com\applov\noussou
sse\BaseActivity.java:19: 
error: cannot find symbol
At line:1 char:1
+ .\gradlew.bat assembleDebug > 
build_output.log 2>&1
+ ~~~~~~~~~~~~~~~~~~~~~~~~~~~~~~
~~~~~~~~~~~~~~~~~~~~~
    + CategoryInfo              
: NotSpecified: (E    
:\13_projects\...not     find 
symbol:String) [    ], 
RemoteException
    + FullyQualifiedError    Id 
: NativeCommandErr    or
 
    protected void 
attachBaseContext(Context 
newBase) {
                                
     ^
  symbol:   class Context
  location: class BaseActivity
1 error
[Incubating] Problems report is available at: file:///E:/13_projects/21_book_app/1_noussousse_app/build/reports/problems/problems-report.html

FAILURE: Build failed with an 
exception.

* What went wrong:
Execution failed for task ':app:
compileDebugJavaWithJavac'.
> Compilation failed; see the 
compiler output below.
  E:\13_projects\21_book_app\1_n
oussousse_app\app\src\main\java\
com\applov\noussousse\BaseActivi
ty.java:19: error: cannot find 
symbol
      protected void 
attachBaseContext(Context 
newBase) {
                                
       ^
    symbol:   class Context
    location: class BaseActivity
  1 error

* Try:
> Check your code and 
dependencies to fix the 
compilation error(s)
> Run with --scan to get full 
insights.

BUILD FAILED in 4s
18 actionable tasks: 1 executed, 17 up-to-date
